[motohom.co.in/influencer/index.html]
[backblue.gif]
[fade.gif]
[index.html]
[motohom.co.in/influencer/assets/images/favicon.webp]
[cdnjs.cloudflare.com/ajax/libs/font-awesome/6.6.0/css/all.min.css]
[motohom.co.in/influencer/assets/css/century-gothic-font/CenturyGothic.c.delayed]
[motohom.co.in/influencer/assets/css/century-gothic-font/GOTHICB0.d.delayed]
[motohom.co.in/influencer/assets/css/fonts/flaticon.e0c93.delayed]
[motohom.co.in/influencer/assets/css/fonts/fa-light-300.f.delayed]
[motohom.co.in/influencer/assets/css/fonts/fa-solid-900.10.delayed]
[connect.facebook.net/en_US/fbevents.js]
[motohom.co.in/influencer/assets/images/logo.png]
[motohom.co.in/influencer/assets/images/footer-logo.png]
[motohom.co.in/influencer/assets/images/shape/shape-1.png]
[motohom.co.in/influencer/assets/images/clients/clients-1.png]
[motohom.co.in/influencer/assets/images/clients/clients-2.png]
[motohom.co.in/influencer/assets/images/clients/clients-3.png]
[motohom.co.in/influencer/assets/images/background/testibg.png]
[motohom.co.in/influencer/assets/images/resource/testi1.png]
[motohom.co.in/influencer/assets/images/resource/testi2.png]
[motohom.co.in/influencer/assets/images/resource/testi3.png]
[motohom.co.in/influencer/assets/images/resource/testi4.png]
[motohom.co.in/influencer/assets/images/resource/testi5.png]
[motohom.co.in/influencer/assets/images/resource/testi6.png]
[motohom.co.in/influencer/assets/images/background/video-bg.jpg]
[motohom.co.in/influencer/assets/images/shape/shape-7.png]
[motohom.co.in/influencer/assets/images/resource/1.png]
[motohom.co.in/influencer/assets/images/resource/2.png]
[motohom.co.in/influencer/assets/images/resource/3.png]
[motohom.co.in/influencer/assets/images/resource/4.png]
[motohom.co.in/influencer/assets/images/resource/5.png]
[motohom.co.in/influencer/assets/images/shape/shape-11.png]
[motohom.co.in/influencer/assets/images/resource/weare-1.png]
[motohom.co.in/influencer/assets/images/shape/shape-9.png]
[motohom.co.in/influencer/assets/js/jquery.js]
[motohom.co.in/influencer/assets/js/popper.min.js]
[motohom.co.in/influencer/assets/js/bootstrap.min.js]
[motohom.co.in/influencer/assets/js/owl.js]
[motohom.co.in/influencer/assets/js/wow.js]
[motohom.co.in/influencer/assets/js/validation.js]
[motohom.co.in/influencer/assets/js/jquery.fancybox.js]
[motohom.co.in/influencer/assets/js/appear.js]
[motohom.co.in/influencer/assets/js/scrollbar.js]
[motohom.co.in/influencer/assets/js/parallax-scroll.js]
[motohom.co.in/influencer/assets/js/isotope.js]
[motohom.co.in/influencer/assets/js/circle-progress.js]
[motohom.co.in/influencer/assets/js/jquery.countTo.js]
[motohom.co.in/influencer/assets/js/pagenav.js]
[motohom.co.in/influencer/assets/js/gmaps.js]
[motohom.co.in/influencer/assets/js/map-helper.js]
[motohom.co.in/influencer/assets/js/script.js]
[code.jquery.com/jquery-3.6.0.min.js]
[motohom.co.in/influencer/submit_contact_form.json]
[motohom.co.in/influencer/submit_form.json]
[motohom.co.in/influencer/index.html]
[motohom.co.in/influencer/assets/fonts/fa-brands-400.eot]
[motohom.co.in/influencer/assets/fonts/fa-brands-400d41d.eot]
[motohom.co.in/influencer/assets/fonts/fa-brands-400.woff2]
[motohom.co.in/influencer/assets/fonts/fa-brands-400.woff]
[motohom.co.in/influencer/assets/fonts/fa-brands-400.ttf]
[motohom.co.in/influencer/assets/fonts/fa-brands-400.5a.delayed]
[motohom.co.in/influencer/assets/fonts/fa-light-300.5b.delayed]
[motohom.co.in/influencer/assets/fonts/fa-light-300.5cd41d.delayed]
[motohom.co.in/influencer/assets/fonts/fa-light-300.woff2]
[motohom.co.in/influencer/assets/fonts/fa-light-300.woff]
[motohom.co.in/influencer/assets/fonts/fa-light-300.5f.delayed]
[motohom.co.in/influencer/assets/fonts/fa-light-300.60.delayed]
[motohom.co.in/influencer/assets/fonts/fa-regular-400.eot]
[motohom.co.in/influencer/assets/fonts/fa-regular-400d41d.eot]
[motohom.co.in/influencer/assets/fonts/fa-regular-400.woff2]
[motohom.co.in/influencer/assets/fonts/fa-regular-400.woff]
[motohom.co.in/influencer/assets/fonts/fa-regular-400.65.delayed]
[motohom.co.in/influencer/assets/fonts/fa-regular-400.66.delayed]
[motohom.co.in/influencer/assets/fonts/fa-solid-900.67.delayed]
[motohom.co.in/influencer/assets/fonts/fa-solid-900.68d41d.delayed]
[motohom.co.in/influencer/assets/fonts/fa-solid-900.woff2]
[motohom.co.in/influencer/assets/fonts/fa-solid-900.woff]
[motohom.co.in/influencer/assets/fonts/fa-solid-900.6b.delayed]
[motohom.co.in/influencer/assets/fonts/fa-solid-900.6c.delayed]
[motohom.co.in/influencer/assets/css/font-awesome-all.css]
[motohom.co.in/influencer/assets/fonts/flaticon681a.ttf]
[motohom.co.in/influencer/assets/fonts/flaticon681a.woff]
[motohom.co.in/influencer/assets/fonts/flaticon681a.woff2]
[motohom.co.in/influencer/assets/fonts/flaticon681a.eot]
[motohom.co.in/influencer/assets/css/flaticon.css]
[motohom.co.in/influencer/assets/css/owl.video.play.72.delayed]
[motohom.co.in/influencer/assets/css/owl.css]
[motohom.co.in/influencer/assets/css/bootstrap.css]
[motohom.co.in/influencer/assets/css/jquery.fancybox.min.css]
[motohom.co.in/influencer/assets/css/animate.css]
[motohom.co.in/influencer/assets/css/color.css]
[motohom.co.in/influencer/assets/css/century-gothic-font/CenturyGothic.73.delayed]
[motohom.co.in/influencer/assets/css/century-gothic-font/CenturyGothic.ttf]
[motohom.co.in/influencer/assets/css/century-gothic-font/GOTHICB0.75.delayed]
[motohom.co.in/influencer/assets/css/century-gothic-font/GOTHICB0.TTF]
[motohom.co.in/influencer/assets/images/icons/arrow-prev.png]
[motohom.co.in/influencer/assets/images/icons/arrow-next.png]
[motohom.co.in/influencer/assets/css/style.css]
[motohom.co.in/influencer/assets/css/responsive.css]
[cdnjs.cloudflare.com/ajax/libs/font-awesome/6.6.0/css/all.min.css]
[motohom.co.in/influencer/assets/css/century-gothic-font/CenturyGothic.html]
[motohom.co.in/influencer/assets/css/century-gothic-font/GOTHICB0.html]
[motohom.co.in/influencer/assets/css/fonts/flaticon0c93.html]
[motohom.co.in/influencer/assets/css/fonts/fa-light-300.html]
[motohom.co.in/influencer/assets/css/fonts/fa-solid-900.html]
[motohom.co.in/influencer/assets/images/banner/1.html]
[motohom.co.in/influencer/a.79.delayed]
[motohom.co.in/influencer/POST.7a.delayed]
[motohom.co.in/influencer/schema.org/index.html]
[motohom.co.in/influencer/b.7b.delayed]
[motohom.co.in/signals/iwl.7c.delayed]
[connect.facebook.net/en_US/fbevents.js]
[motohom.co.in/influencer/assets/images/banner/2.html]
[motohom.co.in/influencer/assets/images/banner/3.html]
[motohom.co.in/influencer/assets/images/resource/fs.html]
[motohom.co.in/influencer/assets/images/resource/fl.html]
[motohom.co.in/influencer/assets/images/resource/about.html]
[motohom.co.in/influencer/assets/images/resource/t.html]
[motohom.co.in/influencer/assets/images/resource/t1.html]
[motohom.co.in/influencer/assets/images/resource/t2.html]
[motohom.co.in/influencer/assets/images/resource/t3.html]
[motohom.co.in/influencer/assets/images/resource/u.html]
[motohom.co.in/influencer/assets/images/resource/u1.html]
[motohom.co.in/influencer/assets/images/resource/u2.html]
[motohom.co.in/influencer/assets/images/resource/u3.html]
[motohom.co.in/influencer/assets/images/resource/m.html]
[motohom.co.in/influencer/assets/images/resource/m1.html]
[motohom.co.in/influencer/assets/images/resource/m2.html]
[motohom.co.in/influencer/assets/images/resource/m3.html]
[motohom.co.in/influencer/assets/images/resource/v.html]
[motohom.co.in/influencer/assets/images/resource/v1.html]
[motohom.co.in/influencer/assets/images/resource/v2.html]
[motohom.co.in/influencer/assets/images/resource/v3.html]
[motohom.co.in/influencer/assets/images/resource/works.html]
[motohom.co.in/influencer/assets/images/WhatsApp.svg]
[motohom.co.in/influencer/assets/fonts/fa-brands-400.html]
[motohom.co.in/influencer/assets/fonts/fa-light-300.html]
[motohom.co.in/influencer/assets/fonts/fa-light-300d41d.html]
[motohom.co.in/influencer/assets/fonts/fa-light-301.html]
[motohom.co.in/influencer/assets/fonts/fa-light-302.html]
[motohom.co.in/influencer/assets/fonts/fa-regular-400.html]
[motohom.co.in/influencer/assets/fonts/fa-regular-401.html]
[motohom.co.in/influencer/assets/fonts/fa-solid-900.html]
[motohom.co.in/influencer/assets/fonts/fa-solid-900d41d.html]
[motohom.co.in/influencer/assets/fonts/fa-solid-901.html]
[motohom.co.in/influencer/assets/fonts/fa-solid-902.html]
[motohom.co.in/influencer/assets/fonts/flaticon681a.svg]
[motohom.co.in/influencer/assets/css/owl.video.play.html]
[motohom.co.in/influencer/assets/css/century-gothic-font/CenturyGothic-2.html]
[motohom.co.in/influencer/assets/css/century-gothic-font/GOTHICB0-2.html]
[motohom.co.in/influencer/a.html]
[motohom.co.in/influencer/POST.html]
[motohom.co.in/influencer/schema.org/index.html]
[motohom.co.in/influencer/b.html]
[motohom.co.in/signals/iwl.html]
